// Jest Snapshot v1, https://goo.gl/fbAQLP

exports[`Product Overview render 1`] = `
<DocumentFragment>
  <div />
</DocumentFragment>
`;
