// Jest Snapshot v1, https://goo.gl/fbAQLP

exports[`Renders correctly when it reads the number 0 1`] = `
<DocumentFragment>
  <h2
    class="MuiTypography-root title MuiTypography-h2 MuiTypography-noWrap"
  >
    Cart Summary
  </h2>
  <div
    class="MuiPaper-root paper MuiPaper-elevation3"
  >
    <div
      class="MuiContainer-root cardPaperQty MuiContainer-maxWidthLg"
    >
      <p
        class="MuiTypography-root MuiTypography-body2"
      >
        Quantity
      </p>
      <p
        class="MuiTypography-root MuiTypography-body2"
      >
        0
      </p>
    </div>
    <p
      class="MuiTypography-root cardPaperMsg MuiTypography-body2"
    >
      Your entire teamâ€™s order is here. Before you submit, refresh the page if someone added something new.
    </p>
    <button
      class="MuiButtonBase-root MuiButton-root MuiButton-contained MuiButton-containedPrimary MuiButton-fullWidth"
      tabindex="0"
      type="button"
    >
      <span
        class="MuiButton-label"
      >
        Submit order
      </span>
      <span
        class="MuiTouchRipple-root"
      />
    </button>
  </div>
</DocumentFragment>
`;
